{
  "uuid":"GOVERNANCE_CONFIG_ID",
  "accountId":"kmpySmUISimoRrJL6NL73w",
  "appId":"__GLOBAL_APP_ID__",
  "deploymentFreeze":true,
  "timeRangeBasedFreezeConfigs":[
    {
      "freezeForAllApps":false,
      "appIds":[
        "aaOLwzRsTMOoSlDrjstIHQ",
        "BH5_gD_VRDaWcSCsnZKSug"
      ],
      "environmentTypes":[
        "PROD"
      ],
      "timeRange":{
        "from":1609372800000,
        "to":1609459200000,
        "timeZone":"Africa/Addis_Ababa",
        "durationBased": false,
        "expires": false
      },
      "name":"freezer",
      "description":"Holiday production freeze",
      "applicable":false,
      "appSelections":[
        {
          "filterType":"CUSTOM",
          "envSelection":{
            "filterType":"CUSTOM",
            "environments":[
              "env1",
              "env2"
            ]
          },
          "apps":[
            "aaOLwzRsTMOoSlDrjstIHQ"
          ],
          "serviceSelection": {
            "filterType": "CUSTOM",
            "services": ["service1", "service2"]
          }
        },
        {
          "filterType":"ALL",
          "envSelection":{
            "filterType":"ALL_NON_PROD"
          }
        }
      ],
      "userGroups":[
        "aaOLwzRsTMOoSlDrjstIHQ",
        "BH5_gD_VRDaWcSCsnZKSug"
      ],
      "uuid":"FREEZE_ID",
      "freezeWindowState":"INACTIVE"
    }
  ],
  "enableNextIterations":false,
  "enableNextCloseIterations":false
}